const abc = 1;
var b;
var c;
const cba = 2;
var d;
b := 3;
c := 1;
d := 36;
ecrire 1;
lire b;
ecrire (((b + 3)));
