var a;
var b; 
const c = 4;
const d = 6;
var e;
a := 25;
lire b;
ecrire 25*b;
e := b+6;
ecrire e;
