variable non affectee : b
variable non utilisee : b
