une valeur dans l'expression a*b n'est pas connue.
