Lexer error (1:5) character _
ERROR: Fix the code and try again later ;)
